Test Problem 11
fasp_dcoo_read: reading file ../../data/coomat_1046529.dat...

FASP is running on   4 thread(s).

A: m = 1046529, n = 1046529, nnz = 7317521
b: n = 1046529

       Parameters in itsolver_param
-----------------------------------------------
Solver print level:                3
Solver type:                       1
Solver precond type:               2
Solver max num of iter:            1000
Solver tolerance:                  1.00e-06
Solver stopping type:              1
-----------------------------------------------


       Parameters in AMG_param
-----------------------------------------------
AMG print level:                   3
AMG max num of iter:               1
AMG type:                          1
AMG tolerance:                     1.00e-08
AMG max levels:                    20
AMG cycle type:                    1
AMG scaling of coarse correction:  0
AMG smoother type:                 2
AMG smoother order:                1
AMG num of presmoothing:           1
AMG num of postsmoothing:          1
AMG coarsening type:               1
AMG interpolation type:            1
AMG dof on coarsest grid:          100
AMG strong threshold:              0.3000
AMG truncation threshold:          0.4000
AMG max row sum:                   0.9000
-----------------------------------------------

-----------------------------------------------
  Level     Num of rows      Num of nonzeros
-----------------------------------------------
    0         1046529           7317521
    1          523265           7828523
    2          261633           7029341
    3           65789           1373867
    4           16635            246953
    5            8255            214907
    6            2109             42267
    7             584              8304
    8             282              5968
    9              95              1499
-----------------------------------------------
AMG grid complexity     = 1.840
AMG operator complexity = 3.289
Ruge-Stuben AMG setup costs 1.4029 seconds.
Calling PCG solver ...
---------------------------------------------------------------
It Num |    ||r||/||b||    |     ||r||      |  Conv. Factor
---------------------------------------------------------------
     1 |    1.331907e-02   |  1.444683e+01  |     0.0133
     2 |    1.721365e-03   |  1.867118e+00  |     0.1292
     3 |    4.096999e-04   |  4.443903e-01  |     0.2380
     4 |    1.431880e-04   |  1.553122e-01  |     0.3495
     5 |    6.018382e-05   |  6.527975e-02  |     0.4203
     6 |    2.540006e-05   |  2.755075e-02  |     0.4220
     7 |    1.107393e-05   |  1.201159e-02  |     0.4360
     8 |    5.937189e-06   |  6.439907e-03  |     0.5361
     9 |    3.585030e-06   |  3.888584e-03  |     0.6038
    10 |    1.970303e-06   |  2.137133e-03  |     0.5496
    11 |    1.119686e-06   |  1.214493e-03  |     0.5683
    12 |    7.332347e-07   |  7.953197e-04  |     0.6549
Number of iterations = 12 with relative residual 7.332347e-07.
Iterative method costs 1.5566 seconds.
AMG_Krylov method totally costs 2.9973 seconds.

Solver finished successfully!

